SQL> ------------전체 사원의 연봉 조회 ------------
SQL> --  연봉 : 총 월급 + 수당
SQL> select empno, ename,sal*12+comm
  2  from emp;

     EMPNO ENAME                SAL*12+COMM                                                                                                                                                             
---------- -------------------- -----------                                                                                                                                                             
      7369 SMITH                                                                                                                                                                                        
      7499 ALLEN                      19500                                                                                                                                                             
      7521 WARD                       15500                                                                                                                                                             
      7566 JONES                                                                                                                                                                                        
      7654 MARTIN                     16400                                                                                                                                                             
      7698 BLAKE                                                                                                                                                                                        
      7782 CLARK                                                                                                                                                                                        
      7839 KING                                                                                                                                                                                         
      7844 TURNER                     18000                                                                                                                                                             
      7900 JAMES                                                                                                                                                                                        
      7902 FORD                                                                                                                                                                                         

     EMPNO ENAME                SAL*12+COMM                                                                                                                                                             
---------- -------------------- -----------                                                                                                                                                             
      7934 MILLER                                                                                                                                                                                       

12 rows selected.

SQL> select empno, ename,sal*12+comm as "연봉"
  2  from emp;

     EMPNO ENAME                      연봉                                                                                                                                                              
---------- -------------------- ----------                                                                                                                                                              
      7369 SMITH                                                                                                                                                                                        
      7499 ALLEN                     19500                                                                                                                                                              
      7521 WARD                      15500                                                                                                                                                              
      7566 JONES                                                                                                                                                                                        
      7654 MARTIN                    16400                                                                                                                                                              
      7698 BLAKE                                                                                                                                                                                        
      7782 CLARK                                                                                                                                                                                        
      7839 KING                                                                                                                                                                                         
      7844 TURNER                    18000                                                                                                                                                              
      7900 JAMES                                                                                                                                                                                        
      7902 FORD                                                                                                                                                                                         

     EMPNO ENAME                      연봉                                                                                                                                                              
---------- -------------------- ----------                                                                                                                                                              
      7934 MILLER                                                                                                                                                                                       

12 rows selected.

SQL> select empno, ename,sal, sal*12+comm as "연봉"
  2  from emp;

     EMPNO ENAME                       SAL       연봉                                                                                                                                                   
---------- -------------------- ---------- ----------                                                                                                                                                   
      7369 SMITH                       800                                                                                                                                                              
      7499 ALLEN                      1600      19500                                                                                                                                                   
      7521 WARD                       1250      15500                                                                                                                                                   
      7566 JONES                      2975                                                                                                                                                              
      7654 MARTIN                     1250      16400                                                                                                                                                   
      7698 BLAKE                      2850                                                                                                                                                              
      7782 CLARK                      2450                                                                                                                                                              
      7839 KING                       5000                                                                                                                                                              
      7844 TURNER                     1500      18000                                                                                                                                                   
      7900 JAMES                       950                                                                                                                                                              
      7902 FORD                       3000                                                                                                                                                              

     EMPNO ENAME                       SAL       연봉                                                                                                                                                   
---------- -------------------- ---------- ----------                                                                                                                                                   
      7934 MILLER                     1300                                                                                                                                                              

12 rows selected.

SQL> ---------- SMITH의 comm이 없어서 (NULL) 연봉이 안나타나게 되는 오류가 발생한다.
SQL> -- null처리 : 0 으로 만들어 표현
SQL> -- null처리 : 0 으로 만들어 표현 ( NVL 함수 사용 )
SQL> select empno, ename, sal*12+nvl(comm,0) as "연봉"
  2  from emp;

     EMPNO ENAME                      연봉                                                                                                                                                              
---------- -------------------- ----------                                                                                                                                                              
      7369 SMITH                      9600                                                                                                                                                              
      7499 ALLEN                     19500                                                                                                                                                              
      7521 WARD                      15500                                                                                                                                                              
      7566 JONES                     35700                                                                                                                                                              
      7654 MARTIN                    16400                                                                                                                                                              
      7698 BLAKE                     34200                                                                                                                                                              
      7782 CLARK                     29400                                                                                                                                                              
      7839 KING                      60000                                                                                                                                                              
      7844 TURNER                    18000                                                                                                                                                              
      7900 JAMES                     11400                                                                                                                                                              
      7902 FORD                      36000                                                                                                                                                              

     EMPNO ENAME                      연봉                                                                                                                                                              
---------- -------------------- ----------                                                                                                                                                              
      7934 MILLER                    15600                                                                                                                                                              

12 rows selected.

SQL> ---- NVL( X, Y ) : x콜럼이 NULL이면 Y값으로 정의
SQL> - 단위 -> k > m > g > t > p
SP2-0734: unknown command beginning "- 단위 -> ..." - rest of line ignored.
SQL> -- 단위 -> k > m > g > t > p
SQL> select all from emp;
select all from emp
           *
ERROR at line 1:
ORA-00936: missing expression 


SQL> select * from emp;

     EMPNO ENAME                JOB                       MGR HIREDATE        SAL       COMM     DEPTNO                                                                                                 
---------- -------------------- ------------------ ---------- -------- ---------- ---------- ----------                                                                                                 
      7369 SMITH                CLERK                    7902 80/12/17        800                    20                                                                                                 
      7499 ALLEN                SALESMAN                 7698 81/02/20       1600        300         30                                                                                                 
      7521 WARD                 SALESMAN                 7698 81/02/22       1250        500         30                                                                                                 
      7566 JONES                MANAGER                  7839 81/04/02       2975                    20                                                                                                 
      7654 MARTIN               SALESMAN                 7698 81/09/28       1250       1400         30                                                                                                 
      7698 BLAKE                MANAGER                  7839 81/05/01       2850                    30                                                                                                 
      7782 CLARK                MANAGER                  7839 81/06/09       2450                    10                                                                                                 
      7839 KING                 PRESIDENT                     81/11/17       5000                    10                                                                                                 
      7844 TURNER               SALESMAN                 7698 81/09/08       1500          0         30                                                                                                 
      7900 JAMES                CLERK                    7698 81/12/03        950                    30                                                                                                 
      7902 FORD                 ANALYST                  7566 81/12/03       3000                    20                                                                                                 

     EMPNO ENAME                JOB                       MGR HIREDATE        SAL       COMM     DEPTNO                                                                                                 
---------- -------------------- ------------------ ---------- -------- ---------- ---------- ----------                                                                                                 
      7934 MILLER               CLERK                    7782 82/01/23       1300                    10                                                                                                 

12 rows selected.

SQL> set timing on
SQL> select * from emp;

     EMPNO ENAME                JOB                       MGR HIREDATE        SAL       COMM     DEPTNO                                                                                                 
---------- -------------------- ------------------ ---------- -------- ---------- ---------- ----------                                                                                                 
      7369 SMITH                CLERK                    7902 80/12/17        800                    20                                                                                                 
      7499 ALLEN                SALESMAN                 7698 81/02/20       1600        300         30                                                                                                 
      7521 WARD                 SALESMAN                 7698 81/02/22       1250        500         30                                                                                                 
      7566 JONES                MANAGER                  7839 81/04/02       2975                    20                                                                                                 
      7654 MARTIN               SALESMAN                 7698 81/09/28       1250       1400         30                                                                                                 
      7698 BLAKE                MANAGER                  7839 81/05/01       2850                    30                                                                                                 
      7782 CLARK                MANAGER                  7839 81/06/09       2450                    10                                                                                                 
      7839 KING                 PRESIDENT                     81/11/17       5000                    10                                                                                                 
      7844 TURNER               SALESMAN                 7698 81/09/08       1500          0         30                                                                                                 
      7900 JAMES                CLERK                    7698 81/12/03        950                    30                                                                                                 
      7902 FORD                 ANALYST                  7566 81/12/03       3000                    20                                                                                                 

     EMPNO ENAME                JOB                       MGR HIREDATE        SAL       COMM     DEPTNO                                                                                                 
---------- -------------------- ------------------ ---------- -------- ---------- ---------- ----------                                                                                                 
      7934 MILLER               CLERK                    7782 82/01/23       1300                    10                                                                                                 

12 rows selected.

Elapsed: 00:00:00.01
SQL> set time on
11:01:00 SQL> --set time on 의 중요성
11:01:24 SQL> --해외에서 근무시 시간통일을 위해
11:01:56 SQL> -- 시간일치를 확인
11:02:05 SQL> select * from emp where MGR<7600;

     EMPNO ENAME                JOB                       MGR HIREDATE        SAL       COMM     DEPTNO                                                                                                 
---------- -------------------- ------------------ ---------- -------- ---------- ---------- ----------                                                                                                 
      7902 FORD                 ANALYST                  7566 81/12/03       3000                    20                                                                                                 

Elapsed: 00:00:00.00
11:03:53 SQL> set timing off
11:04:11 SQL> set time off
SQL> set time on
11:04:27 SQL> ----where 절 > 조건을 기재
11:05:01 SQL> ---- 비교 ,논리 연산자로 로우 추출
11:05:52 SQL> -- 오라클 DB 기능
11:07:08 SQL> -- between A and b
11:07:21 SQL> -- > 두 값 사이
11:07:27 SQL> -- IN(set) 값 검색
11:07:54 SQL> -- like 일치하는 문자패턴 검색 ex) like 김@
11:08:12 SQL> -- is NULL 값인지 여부
11:08:24 SQL> -- " ,WHERE " 절에서는 별칭 사용 x
11:08:37 SQL> ------------------------------------------
11:10:21 SQL> --급여 3000 넘는 사원정보 조회
11:10:30 SQL> select * from emp where sal<=3000;

     EMPNO ENAME                JOB                       MGR HIREDATE        SAL       COMM     DEPTNO                                                                                                 
---------- -------------------- ------------------ ---------- -------- ---------- ---------- ----------                                                                                                 
      7369 SMITH                CLERK                    7902 80/12/17        800                    20                                                                                                 
      7499 ALLEN                SALESMAN                 7698 81/02/20       1600        300         30                                                                                                 
      7521 WARD                 SALESMAN                 7698 81/02/22       1250        500         30                                                                                                 
      7566 JONES                MANAGER                  7839 81/04/02       2975                    20                                                                                                 
      7654 MARTIN               SALESMAN                 7698 81/09/28       1250       1400         30                                                                                                 
      7698 BLAKE                MANAGER                  7839 81/05/01       2850                    30                                                                                                 
      7782 CLARK                MANAGER                  7839 81/06/09       2450                    10                                                                                                 
      7844 TURNER               SALESMAN                 7698 81/09/08       1500          0         30                                                                                                 
      7900 JAMES                CLERK                    7698 81/12/03        950                    30                                                                                                 
      7902 FORD                 ANALYST                  7566 81/12/03       3000                    20                                                                                                 
      7934 MILLER               CLERK                    7782 82/01/23       1300                    10                                                                                                 

11 rows selected.

11:11:10 SQL> select * from emp where sal>=3000;

     EMPNO ENAME                JOB                       MGR HIREDATE        SAL       COMM     DEPTNO                                                                                                 
---------- -------------------- ------------------ ---------- -------- ---------- ---------- ----------                                                                                                 
      7839 KING                 PRESIDENT                     81/11/17       5000                    10                                                                                                 
      7902 FORD                 ANALYST                  7566 81/12/03       3000                    20                                                                                                 

11:11:18 SQL> select * from emp where sal>3000;

     EMPNO ENAME                JOB                       MGR HIREDATE        SAL       COMM     DEPTNO                                                                                                 
---------- -------------------- ------------------ ---------- -------- ---------- ---------- ----------                                                                                                 
      7839 KING                 PRESIDENT                     81/11/17       5000                    10                                                                                                 

11:14:17 SQL> -- 순서대로 이하, 이상, 초과
11:14:32 SQL> select empno,ename,sal,deptno from emp where deptno==10;
select empno,ename,sal,deptno from emp where deptno==10
                                                    *
ERROR at line 1:
ORA-00936: missing expression 


11:16:15 SQL> select empno,ename,sal,deptno from emp where deptno=10;

     EMPNO ENAME                       SAL     DEPTNO                                                                                                                                                   
---------- -------------------- ---------- ----------                                                                                                                                                   
      7782 CLARK                      2450         10                                                                                                                                                   
      7839 KING                       5000         10                                                                                                                                                   
      7934 MILLER                     1300         10                                                                                                                                                   

11:16:18 SQL> select empno 사원번호,ename 사원이름,sal 급여,deptno 부서번호 from emp where deptno=10;

  사원번호 사원이름                   급여   부서번호                                                                                                                                                   
---------- -------------------- ---------- ----------                                                                                                                                                   
      7782 CLARK                      2450         10                                                                                                                                                   
      7839 KING                       5000         10                                                                                                                                                   
      7934 MILLER                     1300         10                                                                                                                                                   

11:16:41 SQL> spool off
